  甇??斗閬???撠?...
  ???獢?冽??啁????舫脰?????
D:\IISWebSize\MT\Refer\Login.razor(25,17): warning RZ10012: Found markup element with unexpected name 'EditForm'. If this is intended to be a component, add a @using directive for its namespace. [D:\IISWebSize\MT\MT.csproj]
D:\IISWebSize\MT\Refer\Login.razor(26,21): warning RZ10012: Found markup element with unexpected name 'DataAnnotationsValidator'. If this is intended to be a component, add a @using directive for its namespace. [D:\IISWebSize\MT\MT.csproj]
D:\IISWebSize\MT\Refer\Login.razor(37,29): warning RZ10012: Found markup element with unexpected name 'InputText'. If this is intended to be a component, add a @using directive for its namespace. [D:\IISWebSize\MT\MT.csproj]
D:\IISWebSize\MT\Refer\Login.razor(37,53): error RZ9991: The attribute names could not be inferred from bind attribute 'bind-Value'. Bind attributes should be of the form 'bind' or 'bind-value' along with their corresponding optional parameters like 'bind-value:event', 'bind:format' etc. [D:\IISWebSize\MT\MT.csproj]
D:\IISWebSize\MT\Refer\Login.razor(44,29): warning RZ10012: Found markup element with unexpected name 'ValidationMessage'. If this is intended to be a component, add a @using directive for its namespace. [D:\IISWebSize\MT\MT.csproj]
D:\IISWebSize\MT\Refer\Login.razor(57,29): warning RZ10012: Found markup element with unexpected name 'InputText'. If this is intended to be a component, add a @using directive for its namespace. [D:\IISWebSize\MT\MT.csproj]
D:\IISWebSize\MT\Refer\Login.razor(58,53): error RZ9991: The attribute names could not be inferred from bind attribute 'bind-Value'. Bind attributes should be of the form 'bind' or 'bind-value' along with their corresponding optional parameters like 'bind-value:event', 'bind:format' etc. [D:\IISWebSize\MT\MT.csproj]
D:\IISWebSize\MT\Refer\Login.razor(65,29): warning RZ10012: Found markup element with unexpected name 'ValidationMessage'. If this is intended to be a component, add a @using directive for its namespace. [D:\IISWebSize\MT\MT.csproj]
D:\IISWebSize\MT\Refer\Login.razor(76,33): warning RZ10012: Found markup element with unexpected name 'InputText'. If this is intended to be a component, add a @using directive for its namespace. [D:\IISWebSize\MT\MT.csproj]
D:\IISWebSize\MT\Refer\Login.razor(76,57): error RZ9991: The attribute names could not be inferred from bind attribute 'bind-Value'. Bind attributes should be of the form 'bind' or 'bind-value' along with their corresponding optional parameters like 'bind-value:event', 'bind:format' etc. [D:\IISWebSize\MT\MT.csproj]
D:\IISWebSize\MT\Refer\Login.razor(101,29): warning RZ10012: Found markup element with unexpected name 'ValidationMessage'. If this is intended to be a component, add a @using directive for its namespace. [D:\IISWebSize\MT\MT.csproj]
D:\IISWebSize\MT\Refer\Login.razor(115,29): warning RZ10012: Found markup element with unexpected name 'InputCheckbox'. If this is intended to be a component, add a @using directive for its namespace. [D:\IISWebSize\MT\MT.csproj]
D:\IISWebSize\MT\Refer\Login.razor(115,57): error RZ9991: The attribute names could not be inferred from bind attribute 'bind-Value'. Bind attributes should be of the form 'bind' or 'bind-value' along with their corresponding optional parameters like 'bind-value:event', 'bind:format' etc. [D:\IISWebSize\MT\MT.csproj]
D:\IISWebSize\MT\Refer\Login.razor(122,25): warning RZ10012: Found markup element with unexpected name 'NavLink'. If this is intended to be a component, add a @using directive for its namespace. [D:\IISWebSize\MT\MT.csproj]
D:\IISWebSize\MT\Refer\Login.razor(137,21): warning RZ10012: Found markup element with unexpected name 'NavLink'. If this is intended to be a component, add a @using directive for its namespace. [D:\IISWebSize\MT\MT.csproj]
D:\IISWebSize\MT\Refer\Login.razor(167,10): error CS0246: ?曆??圈????賢?蝛粹??迂 'RequiredAttribute' (?臬?箸?鈭?using ?內閰?蝯辣??) [D:\IISWebSize\MT\MT.csproj]
D:\IISWebSize\MT\Refer\Login.razor(167,10): error CS0246: ?曆??圈????賢?蝛粹??迂 'Required' (?臬?箸?鈭?using ?內閰?蝯辣??) [D:\IISWebSize\MT\MT.csproj]
D:\IISWebSize\MT\Refer\Login.razor(168,10): error CS0246: ?曆??圈????賢?蝛粹??迂 'EmailAddressAttribute' (?臬?箸?鈭?using ?內閰?蝯辣??) [D:\IISWebSize\MT\MT.csproj]
D:\IISWebSize\MT\Refer\Login.razor(168,10): error CS0246: ?曆??圈????賢?蝛粹??迂 'EmailAddress' (?臬?箸?鈭?using ?內閰?蝯辣??) [D:\IISWebSize\MT\MT.csproj]
D:\IISWebSize\MT\Refer\Login.razor(171,10): error CS0246: ?曆??圈????賢?蝛粹??迂 'RequiredAttribute' (?臬?箸?鈭?using ?內閰?蝯辣??) [D:\IISWebSize\MT\MT.csproj]
D:\IISWebSize\MT\Refer\Login.razor(171,10): error CS0246: ?曆??圈????賢?蝛粹??迂 'Required' (?臬?箸?鈭?using ?內閰?蝯辣??) [D:\IISWebSize\MT\MT.csproj]
D:\IISWebSize\MT\Refer\Login.razor(174,10): error CS0246: ?曆??圈????賢?蝛粹??迂 'RequiredAttribute' (?臬?箸?鈭?using ?內閰?蝯辣??) [D:\IISWebSize\MT\MT.csproj]
D:\IISWebSize\MT\Refer\Login.razor(174,10): error CS0246: ?曆??圈????賢?蝛粹??迂 'Required' (?臬?箸?鈭?using ?內閰?蝯辣??) [D:\IISWebSize\MT\MT.csproj]

撱箇蔭憭望???

D:\IISWebSize\MT\Refer\Login.razor(25,17): warning RZ10012: Found markup element with unexpected name 'EditForm'. If this is intended to be a component, add a @using directive for its namespace. [D:\IISWebSize\MT\MT.csproj]
D:\IISWebSize\MT\Refer\Login.razor(26,21): warning RZ10012: Found markup element with unexpected name 'DataAnnotationsValidator'. If this is intended to be a component, add a @using directive for its namespace. [D:\IISWebSize\MT\MT.csproj]
D:\IISWebSize\MT\Refer\Login.razor(37,29): warning RZ10012: Found markup element with unexpected name 'InputText'. If this is intended to be a component, add a @using directive for its namespace. [D:\IISWebSize\MT\MT.csproj]
D:\IISWebSize\MT\Refer\Login.razor(44,29): warning RZ10012: Found markup element with unexpected name 'ValidationMessage'. If this is intended to be a component, add a @using directive for its namespace. [D:\IISWebSize\MT\MT.csproj]
D:\IISWebSize\MT\Refer\Login.razor(57,29): warning RZ10012: Found markup element with unexpected name 'InputText'. If this is intended to be a component, add a @using directive for its namespace. [D:\IISWebSize\MT\MT.csproj]
D:\IISWebSize\MT\Refer\Login.razor(65,29): warning RZ10012: Found markup element with unexpected name 'ValidationMessage'. If this is intended to be a component, add a @using directive for its namespace. [D:\IISWebSize\MT\MT.csproj]
D:\IISWebSize\MT\Refer\Login.razor(76,33): warning RZ10012: Found markup element with unexpected name 'InputText'. If this is intended to be a component, add a @using directive for its namespace. [D:\IISWebSize\MT\MT.csproj]
D:\IISWebSize\MT\Refer\Login.razor(101,29): warning RZ10012: Found markup element with unexpected name 'ValidationMessage'. If this is intended to be a component, add a @using directive for its namespace. [D:\IISWebSize\MT\MT.csproj]
D:\IISWebSize\MT\Refer\Login.razor(115,29): warning RZ10012: Found markup element with unexpected name 'InputCheckbox'. If this is intended to be a component, add a @using directive for its namespace. [D:\IISWebSize\MT\MT.csproj]
D:\IISWebSize\MT\Refer\Login.razor(122,25): warning RZ10012: Found markup element with unexpected name 'NavLink'. If this is intended to be a component, add a @using directive for its namespace. [D:\IISWebSize\MT\MT.csproj]
D:\IISWebSize\MT\Refer\Login.razor(137,21): warning RZ10012: Found markup element with unexpected name 'NavLink'. If this is intended to be a component, add a @using directive for its namespace. [D:\IISWebSize\MT\MT.csproj]
D:\IISWebSize\MT\Refer\Login.razor(37,53): error RZ9991: The attribute names could not be inferred from bind attribute 'bind-Value'. Bind attributes should be of the form 'bind' or 'bind-value' along with their corresponding optional parameters like 'bind-value:event', 'bind:format' etc. [D:\IISWebSize\MT\MT.csproj]
D:\IISWebSize\MT\Refer\Login.razor(58,53): error RZ9991: The attribute names could not be inferred from bind attribute 'bind-Value'. Bind attributes should be of the form 'bind' or 'bind-value' along with their corresponding optional parameters like 'bind-value:event', 'bind:format' etc. [D:\IISWebSize\MT\MT.csproj]
D:\IISWebSize\MT\Refer\Login.razor(76,57): error RZ9991: The attribute names could not be inferred from bind attribute 'bind-Value'. Bind attributes should be of the form 'bind' or 'bind-value' along with their corresponding optional parameters like 'bind-value:event', 'bind:format' etc. [D:\IISWebSize\MT\MT.csproj]
D:\IISWebSize\MT\Refer\Login.razor(115,57): error RZ9991: The attribute names could not be inferred from bind attribute 'bind-Value'. Bind attributes should be of the form 'bind' or 'bind-value' along with their corresponding optional parameters like 'bind-value:event', 'bind:format' etc. [D:\IISWebSize\MT\MT.csproj]
D:\IISWebSize\MT\Refer\Login.razor(167,10): error CS0246: ?曆??圈????賢?蝛粹??迂 'RequiredAttribute' (?臬?箸?鈭?using ?內閰?蝯辣??) [D:\IISWebSize\MT\MT.csproj]
D:\IISWebSize\MT\Refer\Login.razor(167,10): error CS0246: ?曆??圈????賢?蝛粹??迂 'Required' (?臬?箸?鈭?using ?內閰?蝯辣??) [D:\IISWebSize\MT\MT.csproj]
D:\IISWebSize\MT\Refer\Login.razor(168,10): error CS0246: ?曆??圈????賢?蝛粹??迂 'EmailAddressAttribute' (?臬?箸?鈭?using ?內閰?蝯辣??) [D:\IISWebSize\MT\MT.csproj]
D:\IISWebSize\MT\Refer\Login.razor(168,10): error CS0246: ?曆??圈????賢?蝛粹??迂 'EmailAddress' (?臬?箸?鈭?using ?內閰?蝯辣??) [D:\IISWebSize\MT\MT.csproj]
D:\IISWebSize\MT\Refer\Login.razor(171,10): error CS0246: ?曆??圈????賢?蝛粹??迂 'RequiredAttribute' (?臬?箸?鈭?using ?內閰?蝯辣??) [D:\IISWebSize\MT\MT.csproj]
D:\IISWebSize\MT\Refer\Login.razor(171,10): error CS0246: ?曆??圈????賢?蝛粹??迂 'Required' (?臬?箸?鈭?using ?內閰?蝯辣??) [D:\IISWebSize\MT\MT.csproj]
D:\IISWebSize\MT\Refer\Login.razor(174,10): error CS0246: ?曆??圈????賢?蝛粹??迂 'RequiredAttribute' (?臬?箸?鈭?using ?內閰?蝯辣??) [D:\IISWebSize\MT\MT.csproj]
D:\IISWebSize\MT\Refer\Login.razor(174,10): error CS0246: ?曆??圈????賢?蝛粹??迂 'Required' (?臬?箸?鈭?using ?內閰?蝯辣??) [D:\IISWebSize\MT\MT.csproj]
    11 ?郎??
    12 ?隤?

蝬??? 00:00:01.18
